// Jest Snapshot v1, https://goo.gl/fbAQLP

exports[`Storyshots Button groups 1`] = `
<div>
  <div
    className="Component-btnContainer-0-1-12 Component-reboot-0-1-6 Component-btnGroup-0-1-2 Component-btnGroupToggle-0-1-3"
  >
    <label
      className="Component-btnActivethemeColor-0-1-13 Component-btn-0-1-1 Component-themeColor-0-1-7 Component-active-0-1-8"
    >
      <input
        id="option1"
        name="options"
        type="radio"
      />
       checked
    </label>
    <label
      className="Component-btnThemeColor-0-1-14 Component-btn-0-1-1 Component-themeColor-0-1-7"
    >
      <input
        id="option2"
        name="options"
        type="radio"
      />
       Radio
    </label>
    <label
      className="Component-btnThemeColor-0-1-14 Component-btn-0-1-1 Component-themeColor-0-1-7"
    >
      <input
        id="option3"
        name="options"
        type="radio"
      />
       Radio
    </label>
  </div>
  <div
    className="Component-btnContainer-0-1-26 Component-reboot-0-1-20 Component-btnGroup-0-1-16 Component-btnGroupToggle-0-1-17"
  >
    <label
      className="Component-btnActivethemeColor-0-1-27 Component-btn-0-1-15 Component-themeColor-0-1-21 Component-active-0-1-22"
    >
      <input
        id="option1"
        name="options"
        type="radio"
      />
       checked
    </label>
    <label
      className="Component-btnThemeColor-0-1-28 Component-btn-0-1-15 Component-themeColor-0-1-21"
    >
      <input
        id="option2"
        name="options"
        type="radio"
      />
       Radio
    </label>
    <label
      className="Component-btnThemeColor-0-1-28 Component-btn-0-1-15 Component-themeColor-0-1-21"
    >
      <input
        id="option3"
        name="options"
        type="radio"
      />
       Radio
    </label>
  </div>
  <div
    className="Component-btnContainer-0-1-40 Component-reboot-0-1-34 Component-btnGroup-0-1-30 Component-btnGroupToggle-0-1-31"
  >
    <label
      className="Component-btnActivethemeColor-0-1-41 Component-btn-0-1-29 Component-themeColor-0-1-35 Component-active-0-1-36"
    >
      <input
        id="option1"
        name="options"
        type="radio"
      />
       checked
    </label>
    <label
      className="Component-btnThemeColor-0-1-42 Component-btn-0-1-29 Component-themeColor-0-1-35"
    >
      <input
        id="option2"
        name="options"
        type="radio"
      />
       Radio
    </label>
    <label
      className="Component-btnThemeColor-0-1-42 Component-btn-0-1-29 Component-themeColor-0-1-35"
    >
      <input
        id="option3"
        name="options"
        type="radio"
      />
       Radio
    </label>
  </div>
  <div
    className="Component-btnContainer-0-1-54 Component-reboot-0-1-48 Component-btnGroup-0-1-44 Component-btnGroupToggle-0-1-45"
  >
    <label
      className="Component-btnActivethemeColor-0-1-55 Component-btn-0-1-43 Component-themeColor-0-1-49 Component-active-0-1-50"
    >
      <input
        id="option1"
        name="options"
        type="radio"
      />
       checked
    </label>
    <label
      className="Component-btnThemeColor-0-1-56 Component-btn-0-1-43 Component-themeColor-0-1-49"
    >
      <input
        id="option2"
        name="options"
        type="radio"
      />
       Radio
    </label>
    <label
      className="Component-btnThemeColor-0-1-56 Component-btn-0-1-43 Component-themeColor-0-1-49"
    >
      <input
        id="option3"
        name="options"
        type="radio"
      />
       Radio
    </label>
  </div>
  <div
    className="Component-btnContainer-0-1-68 Component-reboot-0-1-62 Component-btnGroup-0-1-58 Component-btnGroupToggle-0-1-59"
  >
    <label
      className="Component-btnActivethemeColor-0-1-69 Component-btn-0-1-57 Component-themeColor-0-1-63 Component-active-0-1-64"
    >
      <input
        id="option1"
        name="options"
        type="radio"
      />
       checked
    </label>
    <label
      className="Component-btnThemeColor-0-1-70 Component-btn-0-1-57 Component-themeColor-0-1-63"
    >
      <input
        id="option2"
        name="options"
        type="radio"
      />
       Radio
    </label>
    <label
      className="Component-btnThemeColor-0-1-70 Component-btn-0-1-57 Component-themeColor-0-1-63"
    >
      <input
        id="option3"
        name="options"
        type="radio"
      />
       Radio
    </label>
  </div>
  <div
    className="Component-btnContainer-0-1-82 Component-reboot-0-1-76 Component-btnGroup-0-1-72 Component-btnGroupToggle-0-1-73"
  >
    <label
      className="Component-btnActivethemeColor-0-1-83 Component-btn-0-1-71 Component-themeColor-0-1-77 Component-active-0-1-78"
    >
      <input
        id="option1"
        name="options"
        type="radio"
      />
       checked
    </label>
    <label
      className="Component-btnThemeColor-0-1-84 Component-btn-0-1-71 Component-themeColor-0-1-77"
    >
      <input
        id="option2"
        name="options"
        type="radio"
      />
       Radio
    </label>
    <label
      className="Component-btnThemeColor-0-1-84 Component-btn-0-1-71 Component-themeColor-0-1-77"
    >
      <input
        id="option3"
        name="options"
        type="radio"
      />
       Radio
    </label>
  </div>
  <div
    className="Component-btnContainer-0-1-96 Component-reboot-0-1-90 Component-btnGroup-0-1-86 Component-btnGroupToggle-0-1-87"
  >
    <label
      className="Component-btnActivethemeColor-0-1-97 Component-btn-0-1-85 Component-themeColor-0-1-91 Component-active-0-1-92"
    >
      <input
        id="option1"
        name="options"
        type="radio"
      />
       checked
    </label>
    <label
      className="Component-btnThemeColor-0-1-98 Component-btn-0-1-85 Component-themeColor-0-1-91"
    >
      <input
        id="option2"
        name="options"
        type="radio"
      />
       Radio
    </label>
    <label
      className="Component-btnThemeColor-0-1-98 Component-btn-0-1-85 Component-themeColor-0-1-91"
    >
      <input
        id="option3"
        name="options"
        type="radio"
      />
       Radio
    </label>
  </div>
  <div
    className="Component-btnContainer-0-1-110 Component-reboot-0-1-104 Component-btnGroup-0-1-100 Component-btnGroupToggle-0-1-101"
  >
    <label
      className="Component-btnActivethemeColor-0-1-111 Component-btn-0-1-99 Component-themeColor-0-1-105 Component-active-0-1-106"
    >
      <input
        id="option1"
        name="options"
        type="radio"
      />
       checked
    </label>
    <label
      className="Component-btnThemeColor-0-1-112 Component-btn-0-1-99 Component-themeColor-0-1-105"
    >
      <input
        id="option2"
        name="options"
        type="radio"
      />
       Radio
    </label>
    <label
      className="Component-btnThemeColor-0-1-112 Component-btn-0-1-99 Component-themeColor-0-1-105"
    >
      <input
        id="option3"
        name="options"
        type="radio"
      />
       Radio
    </label>
  </div>
</div>
`;

exports[`Storyshots Button sizes 1`] = `
<div>
  <button
    className="Component-btnPrimaryLarge-0-1-126 Component-btnMargin-0-1-125 Component-reboot-0-1-117 Component-btn-0-1-113 Component-btnLg-0-1-115 Component-primaryColor-0-1-118"
    type="button"
  >
    Primary Large
  </button>
  <button
    className="Component-btnSecondaryLarge-0-1-127 Component-btnMargin-0-1-125 Component-reboot-0-1-117 Component-btn-0-1-113 Component-btnLg-0-1-115 Component-secondaryColor-0-1-119"
    type="button"
  >
    Secondary Large
  </button>
  <button
    className="Component-btnPrimarySmall-0-1-128 Component-btnMargin-0-1-125 Component-reboot-0-1-117 Component-btn-0-1-113 Component-btnSm-0-1-116 Component-primaryColor-0-1-118"
    type="button"
  >
    Primary Small
  </button>
  <button
    className="Component-btnSecondarySmall-0-1-129 Component-btnMargin-0-1-125 Component-reboot-0-1-117 Component-btn-0-1-113 Component-btnSm-0-1-116 Component-secondaryColor-0-1-119"
    type="button"
  >
    Secondary Small
  </button>
  <button
    className="Component-btnPrimaryBlock-0-1-130 Component-btnMargin-0-1-125 Component-reboot-0-1-117 Component-btn-0-1-113 Component-btnBlock-0-1-114 Component-primaryColor-0-1-118"
    type="button"
  >
    Primary Block
  </button>
  <button
    className="Component-btnSecondaryBlock-0-1-131 Component-btnMargin-0-1-125 Component-reboot-0-1-117 Component-btn-0-1-113 Component-btnBlock-0-1-114 Component-secondaryColor-0-1-119"
    type="button"
  >
    Secondar Block
  </button>
</div>
`;

exports[`Storyshots Button states 1`] = `
<div>
  <button
    className="Component-btnPrimaryLarge-0-1-144 Component-btnMargin-0-1-143 Component-btn-0-1-132 Component-btnLg-0-1-134 Component-primaryColor-0-1-136"
    disabled={true}
    type="button"
  >
    Primary Large
  </button>
  <button
    className="Component-btnSecondaryLarge-0-1-145 Component-btnMargin-0-1-143 Component-btn-0-1-132 Component-btnLg-0-1-134 Component-secondaryColor-0-1-137"
    disabled={true}
    type="button"
  >
    Secondary Large
  </button>
  <a
    className="Component-btnPrimaryLargeDisabled-0-1-146 Component-btnMargin-0-1-143 Component-btn-0-1-132 Component-btnLg-0-1-134 Component-primaryColor-0-1-136 Component-disabled-0-1-139 Component-btnLink-0-1-135"
    href="#"
  >
    Primary link
  </a>
  <a
    className="Component-btnSecondaryLargeDisabled-0-1-147 Component-btnMargin-0-1-143 Component-btn-0-1-132 Component-btnLg-0-1-134 Component-secondaryColor-0-1-137 Component-disabled-0-1-139 Component-btnLink-0-1-135"
    href="#"
  >
    Link
  </a>
</div>
`;

exports[`Storyshots Button toolbar 1`] = `
<div
  className="Component-btnToolbar-0-1-148"
>
  <div
    className="Component-btnGroup-0-1-150"
  >
    <button
      className="Component-btnPrimary-0-1-161 Component-btn-0-1-149 Component-primaryColor-0-1-151"
      type="button"
    >
      1
    </button>
    <button
      className="Component-btnPrimary-0-1-161 Component-btn-0-1-149 Component-primaryColor-0-1-151"
      type="button"
    >
      2
    </button>
    <button
      className="Component-btnPrimary-0-1-161 Component-btn-0-1-149 Component-primaryColor-0-1-151"
      type="button"
    >
      3
    </button>
    <button
      className="Component-btnPrimary-0-1-161 Component-btn-0-1-149 Component-primaryColor-0-1-151"
      type="button"
    >
      4
    </button>
  </div>
  <div
    className="Component-btnGroup-0-1-150"
  >
    <button
      className="Component-btnSecondary-0-1-162 Component-btn-0-1-149 Component-secondaryColor-0-1-152"
      type="button"
    >
      5
    </button>
    <button
      className="Component-btnSecondary-0-1-162 Component-btn-0-1-149 Component-secondaryColor-0-1-152"
      type="button"
    >
      6
    </button>
    <button
      className="Component-btnSecondary-0-1-162 Component-btn-0-1-149 Component-secondaryColor-0-1-152"
      type="button"
    >
      7
    </button>
  </div>
  <div
    className="Component-btnGroup-0-1-150"
  >
    <button
      className="Component-dangerColor-0-1-153"
      type="button"
    >
      8
    </button>
  </div>
</div>
`;
