// Jest Snapshot v1, https://goo.gl/fbAQLP

exports[`Storyshots Alert Dismissing 1`] = `
<div>
  <div
    className="Component-alertDismissible-0-1-125 show"
    role="alert"
  >
    <strong>
      alertPrimary
    </strong>
     You should check in on some of those fields below.
    <button
      aria-label="Close"
      className="Component-close-0-1-126"
      data-dismiss="alert"
      onClick={[Function]}
      type="button"
    >
      <span
        aria-hidden="true"
      >
        ×
      </span>
    </button>
  </div>
  <div
    className="Component-alertDismissible-0-1-130 show"
    role="alert"
  >
    <strong>
      alertSecondary
    </strong>
     You should check in on some of those fields below.
    <button
      aria-label="Close"
      className="Component-close-0-1-131"
      data-dismiss="alert"
      onClick={[Function]}
      type="button"
    >
      <span
        aria-hidden="true"
      >
        ×
      </span>
    </button>
  </div>
  <div
    className="Component-alertDismissible-0-1-135 show"
    role="alert"
  >
    <strong>
      alertSuccess
    </strong>
     You should check in on some of those fields below.
    <button
      aria-label="Close"
      className="Component-close-0-1-136"
      data-dismiss="alert"
      onClick={[Function]}
      type="button"
    >
      <span
        aria-hidden="true"
      >
        ×
      </span>
    </button>
  </div>
  <div
    className="Component-alertDismissible-0-1-140 show"
    role="alert"
  >
    <strong>
      alertInfo
    </strong>
     You should check in on some of those fields below.
    <button
      aria-label="Close"
      className="Component-close-0-1-141"
      data-dismiss="alert"
      onClick={[Function]}
      type="button"
    >
      <span
        aria-hidden="true"
      >
        ×
      </span>
    </button>
  </div>
  <div
    className="Component-alertDismissible-0-1-145 show"
    role="alert"
  >
    <strong>
      alertWarning
    </strong>
     You should check in on some of those fields below.
    <button
      aria-label="Close"
      className="Component-close-0-1-146"
      data-dismiss="alert"
      onClick={[Function]}
      type="button"
    >
      <span
        aria-hidden="true"
      >
        ×
      </span>
    </button>
  </div>
  <div
    className="Component-alertDismissible-0-1-150 show"
    role="alert"
  >
    <strong>
      alertDanger
    </strong>
     You should check in on some of those fields below.
    <button
      aria-label="Close"
      className="Component-close-0-1-151"
      data-dismiss="alert"
      onClick={[Function]}
      type="button"
    >
      <span
        aria-hidden="true"
      >
        ×
      </span>
    </button>
  </div>
  <div
    className="Component-alertDismissible-0-1-155 show"
    role="alert"
  >
    <strong>
      alertLight
    </strong>
     You should check in on some of those fields below.
    <button
      aria-label="Close"
      className="Component-close-0-1-156"
      data-dismiss="alert"
      onClick={[Function]}
      type="button"
    >
      <span
        aria-hidden="true"
      >
        ×
      </span>
    </button>
  </div>
  <div
    className="Component-alertDismissible-0-1-160 show"
    role="alert"
  >
    <strong>
      alertDark
    </strong>
     You should check in on some of those fields below.
    <button
      aria-label="Close"
      className="Component-close-0-1-161"
      data-dismiss="alert"
      onClick={[Function]}
      type="button"
    >
      <span
        aria-hidden="true"
      >
        ×
      </span>
    </button>
  </div>
</div>
`;

exports[`Storyshots Alert Theme colors 1`] = `
<div>
  <div
    className="Component-alert-0-1-1"
  >
    <h1
      className="Component-alertHeading-0-1-9"
    >
      alertPrimary
    </h1>
    This is a 
    primary
     
    <a
      className="Component-alertLink-0-1-13"
      href="/"
    >
      alert
    </a>
     — check it out!
  </div>
  <div
    className="Component-alert-0-1-17"
  >
    <h1
      className="Component-alertHeading-0-1-24"
    >
      alertSecondary
    </h1>
    This is a 
    secondary
     
    <a
      className="Component-alertLink-0-1-28"
      href="/"
    >
      alert
    </a>
     — check it out!
  </div>
  <div
    className="Component-alert-0-1-32"
  >
    <h1
      className="Component-alertHeading-0-1-39"
    >
      alertSuccess
    </h1>
    This is a 
    success
     
    <a
      className="Component-alertLink-0-1-43"
      href="/"
    >
      alert
    </a>
     — check it out!
  </div>
  <div
    className="Component-alert-0-1-47"
  >
    <h1
      className="Component-alertHeading-0-1-54"
    >
      alertInfo
    </h1>
    This is a 
    info
     
    <a
      className="Component-alertLink-0-1-58"
      href="/"
    >
      alert
    </a>
     — check it out!
  </div>
  <div
    className="Component-alert-0-1-62"
  >
    <h1
      className="Component-alertHeading-0-1-69"
    >
      alertWarning
    </h1>
    This is a 
    warning
     
    <a
      className="Component-alertLink-0-1-73"
      href="/"
    >
      alert
    </a>
     — check it out!
  </div>
  <div
    className="Component-alert-0-1-77"
  >
    <h1
      className="Component-alertHeading-0-1-84"
    >
      alertDanger
    </h1>
    This is a 
    danger
     
    <a
      className="Component-alertLink-0-1-88"
      href="/"
    >
      alert
    </a>
     — check it out!
  </div>
  <div
    className="Component-alert-0-1-92"
  >
    <h1
      className="Component-alertHeading-0-1-99"
    >
      alertLight
    </h1>
    This is a 
    light
     
    <a
      className="Component-alertLink-0-1-103"
      href="/"
    >
      alert
    </a>
     — check it out!
  </div>
  <div
    className="Component-alert-0-1-107"
  >
    <h1
      className="Component-alertHeading-0-1-114"
    >
      alertDark
    </h1>
    This is a 
    dark
     
    <a
      className="Component-alertLink-0-1-118"
      href="/"
    >
      alert
    </a>
     — check it out!
  </div>
</div>
`;

exports[`Storyshots Badge Badge in button 1`] = `
<div>
  <div>
    <button
      type="button"
    >
      Notifications 
      <span
        className="Component-badgeInButton-0-1-187"
      >
        4
      </span>
    </button>
  </div>
  <div>
    <button
      type="button"
    >
      Notifications 
      <span
        className="Component-badgeInButton-0-1-190"
      >
        4
      </span>
    </button>
  </div>
  <div>
    <button
      type="button"
    >
      Notifications 
      <span
        className="Component-badgeInButton-0-1-193"
      >
        4
      </span>
    </button>
  </div>
  <div>
    <button
      type="button"
    >
      Notifications 
      <span
        className="Component-badgeInButton-0-1-196"
      >
        4
      </span>
    </button>
  </div>
  <div>
    <button
      type="button"
    >
      Notifications 
      <span
        className="Component-badgeInButton-0-1-199"
      >
        4
      </span>
    </button>
  </div>
  <div>
    <button
      type="button"
    >
      Notifications 
      <span
        className="Component-badgeInButton-0-1-202"
      >
        4
      </span>
    </button>
  </div>
  <div>
    <button
      type="button"
    >
      Notifications 
      <span
        className="Component-badgeInButton-0-1-205"
      >
        4
      </span>
    </button>
  </div>
  <div>
    <button
      type="button"
    >
      Notifications 
      <span
        className="Component-badgeInButton-0-1-208"
      >
        4
      </span>
    </button>
  </div>
</div>
`;

exports[`Storyshots Badge Badge in header 1`] = `
<div>
  <div>
    <div>
      <h1>
        Example heading 
        <span
          className="Component-badge-0-1-162"
        >
          123
        </span>
      </h1>
      <h2>
        Example heading 
        <span
          className="Component-badge-0-1-162"
        >
          123
        </span>
      </h2>
      <h3>
        Example heading 
        <span
          className="Component-badge-0-1-162"
        >
          123
        </span>
      </h3>
      <h4>
        Example heading 
        <span
          className="Component-badge-0-1-162"
        >
          123
        </span>
      </h4>
      <h5>
        Example heading 
        <span
          className="Component-badge-0-1-162"
        >
          123
        </span>
      </h5>
      <h6>
        Example heading 
        <span
          className="Component-badge-0-1-162"
        >
          123
        </span>
      </h6>
    </div>
  </div>
  <div>
    <div>
      <h1>
        Example heading 
        <span
          className="Component-badge-0-1-165"
        >
          123
        </span>
      </h1>
      <h2>
        Example heading 
        <span
          className="Component-badge-0-1-165"
        >
          123
        </span>
      </h2>
      <h3>
        Example heading 
        <span
          className="Component-badge-0-1-165"
        >
          123
        </span>
      </h3>
      <h4>
        Example heading 
        <span
          className="Component-badge-0-1-165"
        >
          123
        </span>
      </h4>
      <h5>
        Example heading 
        <span
          className="Component-badge-0-1-165"
        >
          123
        </span>
      </h5>
      <h6>
        Example heading 
        <span
          className="Component-badge-0-1-165"
        >
          123
        </span>
      </h6>
    </div>
  </div>
  <div>
    <div>
      <h1>
        Example heading 
        <span
          className="Component-badge-0-1-168"
        >
          123
        </span>
      </h1>
      <h2>
        Example heading 
        <span
          className="Component-badge-0-1-168"
        >
          123
        </span>
      </h2>
      <h3>
        Example heading 
        <span
          className="Component-badge-0-1-168"
        >
          123
        </span>
      </h3>
      <h4>
        Example heading 
        <span
          className="Component-badge-0-1-168"
        >
          123
        </span>
      </h4>
      <h5>
        Example heading 
        <span
          className="Component-badge-0-1-168"
        >
          123
        </span>
      </h5>
      <h6>
        Example heading 
        <span
          className="Component-badge-0-1-168"
        >
          123
        </span>
      </h6>
    </div>
  </div>
  <div>
    <div>
      <h1>
        Example heading 
        <span
          className="Component-badge-0-1-171"
        >
          123
        </span>
      </h1>
      <h2>
        Example heading 
        <span
          className="Component-badge-0-1-171"
        >
          123
        </span>
      </h2>
      <h3>
        Example heading 
        <span
          className="Component-badge-0-1-171"
        >
          123
        </span>
      </h3>
      <h4>
        Example heading 
        <span
          className="Component-badge-0-1-171"
        >
          123
        </span>
      </h4>
      <h5>
        Example heading 
        <span
          className="Component-badge-0-1-171"
        >
          123
        </span>
      </h5>
      <h6>
        Example heading 
        <span
          className="Component-badge-0-1-171"
        >
          123
        </span>
      </h6>
    </div>
  </div>
  <div>
    <div>
      <h1>
        Example heading 
        <span
          className="Component-badge-0-1-174"
        >
          123
        </span>
      </h1>
      <h2>
        Example heading 
        <span
          className="Component-badge-0-1-174"
        >
          123
        </span>
      </h2>
      <h3>
        Example heading 
        <span
          className="Component-badge-0-1-174"
        >
          123
        </span>
      </h3>
      <h4>
        Example heading 
        <span
          className="Component-badge-0-1-174"
        >
          123
        </span>
      </h4>
      <h5>
        Example heading 
        <span
          className="Component-badge-0-1-174"
        >
          123
        </span>
      </h5>
      <h6>
        Example heading 
        <span
          className="Component-badge-0-1-174"
        >
          123
        </span>
      </h6>
    </div>
  </div>
  <div>
    <div>
      <h1>
        Example heading 
        <span
          className="Component-badge-0-1-177"
        >
          123
        </span>
      </h1>
      <h2>
        Example heading 
        <span
          className="Component-badge-0-1-177"
        >
          123
        </span>
      </h2>
      <h3>
        Example heading 
        <span
          className="Component-badge-0-1-177"
        >
          123
        </span>
      </h3>
      <h4>
        Example heading 
        <span
          className="Component-badge-0-1-177"
        >
          123
        </span>
      </h4>
      <h5>
        Example heading 
        <span
          className="Component-badge-0-1-177"
        >
          123
        </span>
      </h5>
      <h6>
        Example heading 
        <span
          className="Component-badge-0-1-177"
        >
          123
        </span>
      </h6>
    </div>
  </div>
  <div>
    <div>
      <h1>
        Example heading 
        <span
          className="Component-badge-0-1-180"
        >
          123
        </span>
      </h1>
      <h2>
        Example heading 
        <span
          className="Component-badge-0-1-180"
        >
          123
        </span>
      </h2>
      <h3>
        Example heading 
        <span
          className="Component-badge-0-1-180"
        >
          123
        </span>
      </h3>
      <h4>
        Example heading 
        <span
          className="Component-badge-0-1-180"
        >
          123
        </span>
      </h4>
      <h5>
        Example heading 
        <span
          className="Component-badge-0-1-180"
        >
          123
        </span>
      </h5>
      <h6>
        Example heading 
        <span
          className="Component-badge-0-1-180"
        >
          123
        </span>
      </h6>
    </div>
  </div>
  <div>
    <div>
      <h1>
        Example heading 
        <span
          className="Component-badge-0-1-183"
        >
          123
        </span>
      </h1>
      <h2>
        Example heading 
        <span
          className="Component-badge-0-1-183"
        >
          123
        </span>
      </h2>
      <h3>
        Example heading 
        <span
          className="Component-badge-0-1-183"
        >
          123
        </span>
      </h3>
      <h4>
        Example heading 
        <span
          className="Component-badge-0-1-183"
        >
          123
        </span>
      </h4>
      <h5>
        Example heading 
        <span
          className="Component-badge-0-1-183"
        >
          123
        </span>
      </h5>
      <h6>
        Example heading 
        <span
          className="Component-badge-0-1-183"
        >
          123
        </span>
      </h6>
    </div>
  </div>
</div>
`;

exports[`Storyshots Badge Pill badges 1`] = `
<div>
  <span
    className="Component-badgePill-0-1-212"
  >
    badgePrimary
  </span>
  <span
    className="Component-badgePill-0-1-215"
  >
    badgeSecondary
  </span>
  <span
    className="Component-badgePill-0-1-218"
  >
    badgeSuccess
  </span>
  <span
    className="Component-badgePill-0-1-221"
  >
    badgeInfo
  </span>
  <span
    className="Component-badgePill-0-1-224"
  >
    badgeWarning
  </span>
  <span
    className="Component-badgePill-0-1-227"
  >
    badgeDanger
  </span>
  <span
    className="Component-badgePill-0-1-230"
  >
    badgeLight
  </span>
  <span
    className="Component-badgePill-0-1-233"
  >
    badgeDark
  </span>
</div>
`;

exports[`Storyshots Reboot Reboot elements 1`] = `
<div>
  <div>
    <h1>
      Heading 1
    </h1>
    <h2>
      Heading 2
    </h2>
    <h3>
      Heading 3
    </h3>
    <h4>
      Heading 4
    </h4>
    <h5>
      Heading 5
    </h5>
    <h6>
      Heading 6
    </h6>
    <section>
      <h1>
        Heading 1 (in section)
      </h1>
      <h2>
        Heading 2 (in section)
      </h2>
      <h3>
        Heading 3 (in section)
      </h3>
      <h4>
        Heading 4 (in section)
      </h4>
      <h5>
        Heading 5 (in section)
      </h5>
      <h6>
        Heading 6 (in section)
      </h6>
    </section>
    <article>
      <h1>
        Heading 1 (in article)
      </h1>
      <h2>
        Heading 2 (in article)
      </h2>
      <h3>
        Heading 3 (in article)
      </h3>
      <h4>
        Heading 4 (in article)
      </h4>
      <h5>
        Heading 5 (in article)
      </h5>
      <h6>
        Heading 6 (in article)
      </h6>
    </article>
    <header>
      <hgroup>
        <h1>
          Heading 1 (in hgroup)
        </h1>
        <h2>
          Heading 2 (in hgroup)
        </h2>
      </hgroup>
      <nav>
        <ul>
          <li>
            <a
              href="#"
            >
              navigation item #1
            </a>
          </li>
          <li>
            <a
              href="#"
            >
              navigation item #2
            </a>
          </li>
          <li>
            <a
              href="#"
            >
              navigation item #3
            </a>
          </li>
        </ul>
      </nav>
    </header>
  </div>
  <div>
    <h1>
      Text-level semantics
    </h1>
    <p
      hidden={true}
    >
      This should be hidden in all browsers, apart from IE6
    </p>
    <p>
      Lorem ipsum dolor sit amet, consectetuer adipiscing elit. Aenean commodo ligula eget dolor. Aenean massa. Cum sociis natoque penatibus et m. Lorem ipsum dolor sit amet, consectetuer adipiscing elit. Aenean commodo ligula eget dolor. Aenean massa. Cum sociis natoque penatibus et m. Lorem ipsum dolor sit amet, consectetuer adipiscing elit. Aenean commodo ligula eget dolor. Aenean massa. Cum sociis natoque penatibus et m.
    </p>
    <p>
      Lorem ipsum dolor sit amet, consectetuer adipiscing elit. Aenean commodo ligula eget dolor. Aenean massa. Cum sociis natoque penatibus et m. Lorem ipsum dolor sit amet, consectetuer adipiscing elit. Aenean commodo ligula eget dolor. Aenean massa. Cum sociis natoque penatibus et m. Lorem ipsum dolor sit amet, consectetuer adipiscing elit. Aenean commodo ligula eget dolor. Aenean massa. Cum sociis natoque penatibus et m.
    </p>
    <address>
      Address: somewhere, world
    </address>
    <hr />
    <hr />
    <p>
      The 
      <a
        href="#"
      >
        a element
      </a>
       example
      <br />
      The 
      <abbr>
        abbr element
      </abbr>
       and 
      <abbr
        title="Title text"
      >
        abbr element with title
      </abbr>
       examples
      <br />
      The 
      <b>
        b element
      </b>
       example
      <br />
      The 
      <cite>
        cite element
      </cite>
       example
      <br />
      The 
      <code>
        code element
      </code>
       example
      <br />
      The 
      <del>
        del element
      </del>
       example
      <br />
      The 
      <dfn>
        dfn element
      </dfn>
       and 
      <dfn
        title="Title text"
      >
        dfn element with title
      </dfn>
       examples
      <br />
      The 
      <em>
        em element
      </em>
       example
      <br />
      The 
      <i>
        i element
      </i>
       example
      <br />
      The img element 
      <img
        alt=""
        src="https://lorempixel.com/16/16"
      />
       example
      <br />
      The 
      <ins>
        ins element
      </ins>
       example
      <br />
      The 
      <kbd>
        kbd element
      </kbd>
       example
      <br />
      The 
      <mark>
        mark element
      </mark>
       example
      <br />
      The 
      <q>
        q element 
        <q>
          inside
        </q>
         a q element
      </q>
       example
      <br />
      The 
      <s>
        s element
      </s>
       example
      <br />
      The 
      <samp>
        samp element
      </samp>
       example
      <br />
      The 
      <small>
        small element
      </small>
       example
      <br />
      The 
      <span>
        span element
      </span>
       example
      <br />
      The 
      <strong>
        strong element
      </strong>
       example
      <br />
      The 
      <sub>
        sub element
      </sub>
       example
      <br />
      The 
      <sup>
        sup element
      </sup>
       example
      <br />
      The 
      <u>
        u element
      </u>
       example
      <br />
      The 
      <var>
        var element
      </var>
       example
    </p>
  </div>
  <div>
    <h1>
      Embedded content
    </h1>
    <h3>
      audio
    </h3>
    <audio
      controls={true}
    />
    <audio />
    <h3>
      img
    </h3>
    <img
      alt=""
      src="https://lorempixel.com/100/100"
    />
    <a
      href="#"
    >
      <img
        alt=""
        src="https://lorempixel.com/100/100"
      />
    </a>
    <h3>
      svg
    </h3>
    <svg
      height="100px"
      width="100px"
    >
      <circle
        cx="100"
        cy="100"
        fill="#ff0000"
        r="100"
      />
    </svg>
    <h3>
      video
    </h3>
    <video
      controls={true}
    />
    <video />
  </div>
  <div>
    <h1>
      Interactive content
    </h1>
    <h3>
      details / summary
    </h3>
    <details>
      <summary>
        More info
      </summary>
      <p>
        Additional information
      </p>
      <ul>
        <li>
          Point 1
        </li>
        <li>
          Point 2
        </li>
      </ul>
    </details>
  </div>
  <div>
    <h1>
      Grouping content
    </h1>
    <p>
      Lorem ipsum dolor sit amet, consectetuer adipiscing elit. Aenean commodo ligula eget dolor. Aenean massa. Cum sociis natoque penatibus et m.
    </p>
    <h3>
      pre
    </h3>
    <pre>
      Lorem ipsum dolor sit amet, consectetuer adipiscing elit. Aenean commodo ligula eget dolor. Aenean massa. Cum sociis natoque penatibus et me.
    </pre>
    <pre>
      <code>
        &lt;html&gt; &lt;head&gt; &lt;/head&gt; &lt;body&gt; &lt;div class="main"&gt; &lt;div&gt; &lt;/body&gt; &lt;/html&gt;
      </code>
    </pre>
    <h3>
      blockquote
    </h3>
    <blockquote>
      <p>
        Some sort of famous witty quote marked up with a &lt;blockquote&gt; and a child &lt;p&gt; element.
      </p>
    </blockquote>
    <blockquote>
      Even better philosophical quote marked up with just a &lt;blockquote&gt; element.
    </blockquote>
    <h3>
      ordered list
    </h3>
    <ol>
      <li>
        list item 1
      </li>
      <li>
        list item 1
        <ol>
          <li>
            list item 2
          </li>
          <li>
            list item 2
            <ol>
              <li>
                list item 3
              </li>
              <li>
                list item 3
              </li>
            </ol>
          </li>
          <li>
            list item 2
          </li>
          <li>
            list item 2
          </li>
        </ol>
      </li>
      <li>
        list item 1
      </li>
      <li>
        list item 1
      </li>
    </ol>
    <h3>
      unordered list
    </h3>
    <ul>
      <li>
        list item 1
      </li>
      <li>
        list item 1
        <ul>
          <li>
            list item 2
          </li>
          <li>
            list item 2
            <ul>
              <li>
                list item 3
              </li>
              <li>
                list item 3
              </li>
            </ul>
          </li>
          <li>
            list item 2
          </li>
          <li>
            list item 2
          </li>
        </ul>
      </li>
      <li>
        list item 1
      </li>
      <li>
        list item 1
      </li>
    </ul>
    <h3>
      description list
    </h3>
    <dl>
      <dt>
        Description name
      </dt>
      <dd>
        Description value
      </dd>
      <dt>
        Description name
      </dt>
      <dd>
        Description value
      </dd>
      <dd>
        Description value
      </dd>
      <dt>
        Description name
      </dt>
      <dt>
        Description name
      </dt>
      <dd>
        Description value
      </dd>
    </dl>
    <h3>
      figure
    </h3>
    <figure>
      <img
        alt=""
        src="https://lorempixel.com/400/200"
      />
      <figcaption>
        Figcaption content
      </figcaption>
    </figure>
  </div>
  <div>
    <h1>
      Tabular data
    </h1>
    <table>
      <caption>
        Jimi Hendrix - albums
      </caption>
      <thead>
        <tr>
          <th>
            Album
          </th>
          <th>
            Year
          </th>
          <th>
            Price
          </th>
        </tr>
      </thead>
      <tfoot>
        <tr>
          <th>
            Album
          </th>
          <th>
            Year
          </th>
          <th>
            Price
          </th>
        </tr>
      </tfoot>
      <tbody>
        <tr>
          <td>
            Are You Experienced
          </td>
          <td>
            1967
          </td>
          <td>
            $10.00
          </td>
        </tr>
        <tr>
          <td>
            Axis: Bold as Love
          </td>
          <td>
            1967
          </td>
          <td>
            $12.00
          </td>
        </tr>
        <tr>
          <td>
            Electric Ladyland
          </td>
          <td>
            1968
          </td>
          <td>
            $10.00
          </td>
        </tr>
        <tr>
          <td>
            Band of Gypsys
          </td>
          <td>
            1970
          </td>
          <td>
            $12.00
          </td>
        </tr>
      </tbody>
    </table>
  </div>
  <div>
    <h1>
      Forms
    </h1>
    <form>
      <fieldset>
        <legend>
          Inputs as descendents of labels (form legend). This doubles up as a long legend that can test word wrapping.
        </legend>
        <p>
          <label>
            Text input 
            <input
              defaultValue="default value that goes on and on without stopping or punctuation"
              type="text"
            />
          </label>
        </p>
        <p>
          <label>
            Email input 
            <input
              type="email"
            />
          </label>
        </p>
        <p>
          <label>
            Search input 
            <input
              type="search"
            />
          </label>
        </p>
        <p>
          <label>
            Tel input 
            <input
              type="tel"
            />
          </label>
        </p>
        <p>
          <label>
            URL input 
            <input
              placeholder="https://"
              type="url"
            />
          </label>
        </p>
        <p>
          <label>
            Password input 
            <input
              defaultValue="password"
              type="password"
            />
          </label>
        </p>
        <p>
          <label>
            File input 
            <input
              type="file"
            />
          </label>
        </p>
        <p>
          <label>
            Radio input 
            <input
              name="rad"
              type="radio"
            />
          </label>
        </p>
        <p>
          <label>
            Checkbox input 
            <input
              type="checkbox"
            />
          </label>
        </p>
        <p>
          <label>
            <input
              name="rad"
              type="radio"
            />
             Radio input
          </label>
        </p>
        <p>
          <label>
            <input
              type="checkbox"
            />
             Checkbox input
          </label>
        </p>
        <p>
          <label>
            Select field 
            <select>
              <option>
                Option 01
              </option>
              <option>
                Option 02
              </option>
            </select>
          </label>
        </p>
        <p>
          <label>
            Textarea 
            <textarea
              cols="30"
              defaultValue="Textarea text"
              rows="5"
            />
          </label>
        </p>
      </fieldset>
      <fieldset>
        <legend>
          Inputs as siblings of labels
        </legend>
        <p>
          <label
            htmlFor="ic"
          >
            Color input
          </label>
           
          <input
            defaultValue="#000000"
            id="ic"
            type="color"
          />
        </p>
        <p>
          <label
            htmlFor="in"
          >
            Number input
          </label>
           
          <input
            defaultValue="5"
            id="in"
            max="10"
            min="0"
            type="number"
          />
        </p>
        <p>
          <label
            htmlFor="ir"
          >
            Range input
          </label>
           
          <input
            defaultValue="10"
            id="ir"
            type="range"
          />
        </p>
        <p>
          <label
            htmlFor="idd"
          >
            Date input
          </label>
           
          <input
            defaultValue="1970-01-01"
            id="idd"
            type="date"
          />
        </p>
        <p>
          <label
            htmlFor="idm"
          >
            Month input
          </label>
           
          <input
            defaultValue="1970-01"
            id="idm"
            type="month"
          />
        </p>
        <p>
          <label
            htmlFor="idw"
          >
            Week input
          </label>
           
          <input
            defaultValue="1970-W01"
            id="idw"
            type="week"
          />
        </p>
        <p>
          <label
            htmlFor="idt"
          >
            Datetime input
          </label>
           
          <input
            defaultValue="1970-01-01T00:00:00Z"
            id="idt"
            type="datetime"
          />
        </p>
        <p>
          <label
            htmlFor="idtl"
          >
            Datetime-local input
          </label>
           
          <input
            defaultValue="1970-01-01T00:00"
            id="idtl"
            type="datetime-local"
          />
        </p>
        <p>
          <label
            htmlFor="irb"
          >
            Radio input
          </label>
           
          <input
            id="irb"
            name="rad"
            type="radio"
          />
        </p>
        <p>
          <label
            htmlFor="icb"
          >
            Checkbox input
          </label>
           
          <input
            id="icb"
            type="checkbox"
          />
        </p>
        <p>
          <input
            id="irb2"
            name="rad"
            type="radio"
          />
           
          <label
            htmlFor="irb2"
          >
            Radio input
          </label>
        </p>
        <p>
          <input
            id="icb2"
            type="checkbox"
          />
           
          <label
            htmlFor="icb2"
          >
            Checkbox input
          </label>
        </p>
        <p>
          <label
            htmlFor="s"
          >
            Select field
          </label>
           
          <select
            id="s"
          >
            <option>
              Option 01
            </option>
            <option>
              Option 02
            </option>
          </select>
        </p>
        <p>
          <label
            htmlFor="t"
          >
            Textarea
          </label>
           
          <textarea
            cols="30"
            defaultValue="Textarea text"
            id="t"
            rows="5"
          />
        </p>
      </fieldset>
      <fieldset>
        <legend>
          Clickable inputs and buttons
        </legend>
        <p>
          <input
            alt="Image (input)"
            src="https://lorempixel.com/90/24"
            type="image"
          />
        </p>
        <p>
          <input
            defaultValue="Reset (input)"
            type="reset"
          />
        </p>
        <p>
          <input
            defaultValue="Button (input)"
            type="button"
          />
        </p>
        <p>
          <input
            defaultValue="Submit (input)"
            type="submit"
          />
        </p>
        <p>
          <input
            defaultValue="Disabled (input)"
            disabled={true}
            type="submit"
          />
        </p>
        <p>
          <button
            type="reset"
          >
            Reset (button)
          </button>
        </p>
        <p>
          <button
            type="button"
          >
            Button (button)
          </button>
        </p>
        <p>
          <button
            type="submit"
          >
            Submit (button)
          </button>
        </p>
        <p>
          <button
            disabled={true}
            type="submit"
          >
            Disabled (button)
          </button>
        </p>
      </fieldset>
      <fieldset
        id="boxsize"
      >
        <legend>
          box-sizing tests
        </legend>
        <div>
          <input
            defaultValue="text"
            type="text"
          />
        </div>
        <div>
          <input
            defaultValue="email"
            type="email"
          />
        </div>
        <div>
          <input
            defaultValue="search"
            type="search"
          />
        </div>
        <div>
          <input
            defaultValue="https://example.com"
            type="url"
          />
        </div>
        <div>
          <input
            defaultValue="password"
            type="password"
          />
        </div>
        <div>
          <input
            defaultValue="#000000"
            type="color"
          />
        </div>
        <div>
          <input
            defaultValue="5"
            type="number"
          />
        </div>
        <div>
          <input
            defaultValue="10"
            type="range"
          />
        </div>
        <div>
          <input
            defaultValue="1970-01-01"
            type="date"
          />
        </div>
        <div>
          <input
            defaultValue="1970-01"
            type="month"
          />
        </div>
        <div>
          <input
            defaultValue="1970-W01"
            type="week"
          />
        </div>
        <div>
          <input
            defaultValue="1970-01-01T00:00:00Z"
            type="datetime"
          />
        </div>
        <div>
          <input
            defaultValue="1970-01-01T00:00"
            type="datetime-local"
          />
        </div>
        <div>
          <input
            type="radio"
          />
        </div>
        <div>
          <input
            type="checkbox"
          />
        </div>
        <div>
          <select>
            <option>
              Option 01
            </option>
            <option>
              Option 02
            </option>
          </select>
        </div>
        <div>
          <textarea
            cols="30"
            defaultValue="Textarea text"
            rows="5"
          />
        </div>
        <div>
          <input
            alt="Image (input)"
            src="https://lorempixel.com/90/24"
            type="image"
          />
        </div>
        <div>
          <input
            defaultValue="Reset (input)"
            type="reset"
          />
        </div>
        <div>
          <input
            defaultValue="Button (input)"
            type="button"
          />
        </div>
        <div>
          <input
            defaultValue="Submit (input)"
            type="submit"
          />
        </div>
        <div>
          <button
            type="reset"
          >
            Reset (button)
          </button>
        </div>
        <div>
          <button
            type="button"
          >
            Button (button)
          </button>
        </div>
        <div>
          <button
            type="submit"
          >
            Submit (button)
          </button>
        </div>
      </fieldset>
    </form>
  </div>
</div>
`;
