// Jest Snapshot v1, https://goo.gl/fbAQLP

exports[`Storyshots Alert Theme colors 1`] = `
<div>
  <div
    className="Component-alert-0-1-1"
  >
    <h1
      className="Component-alertHeading-0-1-6"
    >
      alertPrimary
    </h1>
    This is a 
    primary
     
    <a
      className="Component-alertLink-0-1-8"
      href="/"
    >
      alert
    </a>
     — check it out!
  </div>
  <div
    className="Component-alert-0-1-10"
  >
    <h1
      className="Component-alertHeading-0-1-15"
    >
      alertSecondary
    </h1>
    This is a 
    secondary
     
    <a
      className="Component-alertLink-0-1-17"
      href="/"
    >
      alert
    </a>
     — check it out!
  </div>
  <div
    className="Component-alert-0-1-19"
  >
    <h1
      className="Component-alertHeading-0-1-24"
    >
      alertSuccess
    </h1>
    This is a 
    success
     
    <a
      className="Component-alertLink-0-1-26"
      href="/"
    >
      alert
    </a>
     — check it out!
  </div>
  <div
    className="Component-alert-0-1-28"
  >
    <h1
      className="Component-alertHeading-0-1-33"
    >
      alertInfo
    </h1>
    This is a 
    info
     
    <a
      className="Component-alertLink-0-1-35"
      href="/"
    >
      alert
    </a>
     — check it out!
  </div>
  <div
    className="Component-alert-0-1-37"
  >
    <h1
      className="Component-alertHeading-0-1-42"
    >
      alertWarning
    </h1>
    This is a 
    warning
     
    <a
      className="Component-alertLink-0-1-44"
      href="/"
    >
      alert
    </a>
     — check it out!
  </div>
  <div
    className="Component-alert-0-1-46"
  >
    <h1
      className="Component-alertHeading-0-1-51"
    >
      alertDanger
    </h1>
    This is a 
    danger
     
    <a
      className="Component-alertLink-0-1-53"
      href="/"
    >
      alert
    </a>
     — check it out!
  </div>
  <div
    className="Component-alert-0-1-55"
  >
    <h1
      className="Component-alertHeading-0-1-60"
    >
      alertLight
    </h1>
    This is a 
    light
     
    <a
      className="Component-alertLink-0-1-62"
      href="/"
    >
      alert
    </a>
     — check it out!
  </div>
  <div
    className="Component-alert-0-1-64"
  >
    <h1
      className="Component-alertHeading-0-1-69"
    >
      alertDark
    </h1>
    This is a 
    dark
     
    <a
      className="Component-alertLink-0-1-71"
      href="/"
    >
      alert
    </a>
     — check it out!
  </div>
</div>
`;
